ComputableAnalysis.FiniteExponentialTaylor.scheduled_expTaylorPrefix_enclosure {C x : Rat} (hC : 0 ≤ C)
  (hx : ComputableAnalysis.qabs x ≤ C) (eps : ComputableAnalysis.QPos) (extraTerms : Nat) :
  have center :=
    ComputableAnalysis.FinitePolynomial.expTaylorPrefix
      (ComputableAnalysis.FiniteExponentialTaylor.scheduledPrefixDegree C eps) x;
  have later :=
    ComputableAnalysis.FinitePolynomial.expTaylorPrefix
      (ComputableAnalysis.FiniteExponentialTaylor.scheduledPrefixDegree C eps + extraTerms) x;
  center - eps.val ≤ later ∧ later ≤ center + eps.val
ComputableAnalysis.ModularForms.entireExponentialValue (z : ComputableAnalysis.RiemannHilbert.Scalar) :
  ComputableAnalysis.RiemannHilbert.Scalar
ComputableAnalysis.ExponentialComputations.representedTaylor_agrees {C : Rat}
  (A : ComputableAnalysis.ComplexExponentialLift.BoundedInput C) :
  A.exponential.Equiv (ComputableAnalysis.ExponentialComputations.powerSeries.eval ⟨A.raw, ⋯⟩).val
ComputableAnalysis.ModularForms.entireExponential_addition (x y : ComputableAnalysis.RiemannHilbert.Scalar) :
  ((ComputableAnalysis.ModularForms.entireExponentialValue x).val.mul
        (ComputableAnalysis.ModularForms.entireExponentialValue y).val).Equiv
    (ComputableAnalysis.ModularForms.entireExponentialValue ⟨x.val.add y.val, ⋯⟩).val
ComputableAnalysis.ModularForms.entireExponential_derivative_value (z : ComputableAnalysis.RiemannHilbert.Scalar) :
  (ComputableAnalysis.ModularForms.entireExponential_holomorphic.derivative z trivial).val.Equiv
    (ComputableAnalysis.ModularForms.entireExponentialValue z).val
ComputableAnalysis.ExponentialComputations.exp_real_embedding
  (x : ComputableAnalysis.ExponentialComputations.RealInput) :
  (ComputableAnalysis.ModularForms.entireExponentialValue
          (ComputableAnalysis.ExponentialComputations.realAxis x)).val.Equiv
    (ComputableAnalysis.ExponentialComputations.realAxis (ComputableAnalysis.ExponentialComputations.exp x)).val
ComputableAnalysis.ExponentialComputations.exp_positive (x : ComputableAnalysis.ExponentialComputations.RealInput) :
  (ComputableAnalysis.ExponentialComputations.exp x).val.Pos
ComputableAnalysis.ExponentialComputations.exp_injective (x y : ComputableAnalysis.ExponentialComputations.RealInput)
  (h :
    (ComputableAnalysis.ExponentialComputations.exp x).val.Equiv
      (ComputableAnalysis.ExponentialComputations.exp y).val) :
  x.val.Equiv y.val
ComputableAnalysis.ExponentialComputations.exp_congr (x y : ComputableAnalysis.ExponentialComputations.RealInput)
  (h : x.val.Equiv y.val) :
  (ComputableAnalysis.ExponentialComputations.exp x).val.Equiv (ComputableAnalysis.ExponentialComputations.exp y).val
ComputableAnalysis.ExponentialComputations.localLogarithm_linear_error (z : ComputableAnalysis.RiemannHilbert.Scalar)
  (hz :
    ComputableAnalysis.RiemannHilbert.LocalODE.interior ComputableAnalysis.RiemannHilbert.LocalLogarithm.radius.val z)
  (H : Rat) (hH : 0 ≤ H) (hsmall : ComputableAnalysis.FunctionTheory.Small z.val H) :
  ComputableAnalysis.FunctionTheory.Small
    ((ComputableAnalysis.RiemannHilbert.LocalLogarithm.function.eval z hz).val.sub z.val) (16 * H ^ 2)
ComputableAnalysis.ExponentialComputations.compoundApproximation_error (z : ComputableAnalysis.RiemannHilbert.Scalar)
  (n : Nat) (hmesh : ComputableAnalysis.RiemannHilbert.DomainFunctions.scalarBound z / ↑(n + 1) ≤ 1 / 128) :
  ComputableAnalysis.FunctionTheory.Small
    ((ComputableAnalysis.ExponentialComputations.compoundApproximation z n).val.sub
      (ComputableAnalysis.ModularForms.entireExponentialValue z).val)
    (ComputableAnalysis.ExponentialComputations.compoundErrorConstant z / ↑(n + 1))
ComputableAnalysis.ExponentialComputations.compoundValue (z : ComputableAnalysis.RiemannHilbert.Scalar) :
  ComputableAnalysis.RiemannHilbert.Scalar
ComputableAnalysis.ExponentialComputations.compoundValue_equiv_powerSeries
  (z : ComputableAnalysis.RiemannHilbert.Scalar) :
  (ComputableAnalysis.ExponentialComputations.compoundValue z).val.Equiv
    (ComputableAnalysis.ModularForms.entireExponentialValue z).val
ComputableAnalysis.ExponentialComputations.compoundValue_congr (z w : ComputableAnalysis.RiemannHilbert.Scalar)
  (hzw : z.val.Equiv w.val) :
  (ComputableAnalysis.ExponentialComputations.compoundValue z).val.Equiv
    (ComputableAnalysis.ExponentialComputations.compoundValue w).val
ComputableAnalysis.ExponentialComputations.log_congr (x y : ComputableAnalysis.ExponentialComputations.PositiveInput)
  (h : x.val.val.Equiv y.val.val) :
  (ComputableAnalysis.ExponentialComputations.log x).val.Equiv (ComputableAnalysis.ExponentialComputations.log y).val
ComputableAnalysis.ExponentialComputations.log_exp (x : ComputableAnalysis.ExponentialComputations.RealInput) :
  (ComputableAnalysis.ExponentialComputations.log ⟨ComputableAnalysis.ExponentialComputations.exp x, ⋯⟩).val.Equiv x.val
ComputableAnalysis.ExponentialComputations.exp_log (x : ComputableAnalysis.ExponentialComputations.PositiveInput) :
  (ComputableAnalysis.ExponentialComputations.exp (ComputableAnalysis.ExponentialComputations.log x)).val.Equiv
    x.val.val
ComputableAnalysis.ExponentialComputations.logChart_real_agreement
  (x y : ComputableAnalysis.ExponentialComputations.PositiveInput)
  (hy :
    (ComputableAnalysis.ExponentialComputations.logChart x).domain
      (ComputableAnalysis.ExponentialComputations.realAxis y.val)) :
  ((ComputableAnalysis.ExponentialComputations.logChart x).eval
            (ComputableAnalysis.ExponentialComputations.realAxis y.val) hy).val.realPart.Equiv
    (ComputableAnalysis.ExponentialComputations.log y).val
ComputableAnalysis.ExponentialComputations.logChart_derivative
  (x : ComputableAnalysis.ExponentialComputations.PositiveInput) :
  ((ComputableAnalysis.ExponentialComputations.logChartHolomorphic x).derivative
          (ComputableAnalysis.ExponentialComputations.realAxis x.val) ⋯).val.Equiv
    (ComputableAnalysis.RiemannHilbert.RepresentedReciprocal.inverse
        (ComputableAnalysis.ExponentialComputations.realAxis x.val) ⋯).val
ComputableAnalysis.ExponentialComputations.log_increment_error
  (c z : ComputableAnalysis.ExponentialComputations.PositiveInput) (B H : Rat) (hB : 0 ≤ B) (hH : 0 ≤ H)
  (hi :
    ComputableAnalysis.FunctionTheory.Small
      (ComputableAnalysis.RiemannHilbert.RepresentedReciprocal.inverse
          (ComputableAnalysis.ExponentialComputations.realAxis c.val) ⋯).val
      B)
  (hstep :
    ComputableAnalysis.FunctionTheory.Small
      ((ComputableAnalysis.ExponentialComputations.realAxis z.val).val.sub
        (ComputableAnalysis.ExponentialComputations.realAxis c.val).val)
      H)
  (hmesh : 2 * B * H ≤ 1 / 128) :
  ComputableAnalysis.FunctionTheory.Small
    (ComputableAnalysis.ComplexRaw.ofRealRaw
      (((ComputableAnalysis.ExponentialComputations.log z).val.sub
            (ComputableAnalysis.ExponentialComputations.log c).val).sub
        ((ComputableAnalysis.RiemannHilbert.RepresentedReciprocal.inverse
                  (ComputableAnalysis.ExponentialComputations.realAxis c.val) ⋯).val.mul
            ((ComputableAnalysis.ExponentialComputations.realAxis z.val).val.sub
              (ComputableAnalysis.ExponentialComputations.realAxis c.val).val)).realPart))
    (16 * (2 * B * H) ^ 2)
ComputableAnalysis.ExponentialComputations.segmentLower (x : ComputableAnalysis.ExponentialComputations.PositiveInput) :
  ComputableAnalysis.QPos
ComputableAnalysis.ExponentialComputations.positiveSegment
  (x : ComputableAnalysis.ExponentialComputations.PositiveInput)
  (t : ComputableAnalysis.ExponentialComputations.RationalUnit) : ComputableAnalysis.ExponentialComputations.RealInput
ComputableAnalysis.ExponentialComputations.segmentIntegrand_variation
  (x : ComputableAnalysis.ExponentialComputations.PositiveInput)
  (u v : ComputableAnalysis.ExponentialComputations.RationalUnit) :
  ComputableAnalysis.FunctionTheory.Small
    ((ComputableAnalysis.ExponentialComputations.realAxis
            (ComputableAnalysis.ExponentialComputations.segmentIntegrandValue x v)).val.sub
      (ComputableAnalysis.ExponentialComputations.realAxis
          (ComputableAnalysis.ExponentialComputations.segmentIntegrandValue x u)).val)
    (ComputableAnalysis.ExponentialComputations.segmentVariation x * ComputableAnalysis.qabs (v.val - u.val))
ComputableAnalysis.ExponentialComputations.lipschitzBounds_gap (f : ComputableAnalysis.FunctionOnInterval)
  (h0 : f.lower = 0) (h1 : f.upper = 1) (L : Rat) (hL : 0 ≤ L)
  (hlip :
    ∀ (x y : Rat) (hx : ComputableAnalysis.inDomainInterval f.lower f.upper x)
      (hy : ComputableAnalysis.inDomainInterval f.lower f.upper y),
      ComputableAnalysis.FunctionTheory.Small
        (ComputableAnalysis.ComplexRaw.ofRealRaw
          ((ComputableAnalysis.ExponentialComputations.pointRaw✝ f x hx).sub
            (ComputableAnalysis.ExponentialComputations.pointRaw✝ f y hy)))
        (L * ComputableAnalysis.qabs (x - y)))
  (eps : ComputableAnalysis.QPos) :
  (ComputableAnalysis.ExponentialComputations.lipschitzBounds f h0 h1 L hL hlip eps).upperSum -
      (ComputableAnalysis.ExponentialComputations.lipschitzBounds f h0 h1 L hL hlip eps).lowerSum ≤
    eps.val
ComputableAnalysis.ExponentialComputations.integralLog (x : ComputableAnalysis.ExponentialComputations.PositiveInput) :
  ComputableAnalysis.ExponentialComputations.RealInput
ComputableAnalysis.ExponentialComputations.cellBounds_of_quadratic (f : ComputableAnalysis.FunctionOnInterval)
  (P : Rat → ComputableAnalysis.RealRaw) (h0 : f.lower = 0) (h1 : f.upper = 1)
  (hv : ∀ (x : Rat), 0 ≤ x → x ≤ 1 → (P x).Valid) (C : Rat) (hC : 0 ≤ C) (delta : ComputableAnalysis.QPos) (B : Rat)
  (hB :
    ∀ (x : Rat) (hx : ComputableAnalysis.inDomainInterval f.lower f.upper x) (n : Nat),
      -B ≤ (f.compute x hx n).hi ∧ (f.compute x hx n).lo ≤ B)
  (he :
    ∀ (u v : Rat) (hu : ComputableAnalysis.inDomainInterval f.lower f.upper u),
      0 ≤ u →
        u ≤ v →
          v ≤ 1 →
            v - u ≤ delta.val →
              ComputableAnalysis.FunctionTheory.Small
                (ComputableAnalysis.ComplexRaw.ofRealRaw
                  (((P v).sub (P u)).sub (ComputableAnalysis.RealRaw.scaleRat (v - u) { compute := f.compute u hu })))
                (C * (v - u) ^ 2)) :
  ComputableAnalysis.Integral.CellDerivativeBounds f P
ComputableAnalysis.ExponentialComputations.segmentLog_hasIntegral
  (x : ComputableAnalysis.ExponentialComputations.PositiveInput) :
  ComputableAnalysis.Integral.HasIntegral (ComputableAnalysis.ExponentialComputations.segmentIntegrand x)
    ((ComputableAnalysis.ExponentialComputations.segmentLogValue x 1).sub
      (ComputableAnalysis.ExponentialComputations.segmentLogValue x 0))
ComputableAnalysis.ExponentialComputations.integralLog_hasIntegral
  (x : ComputableAnalysis.ExponentialComputations.PositiveInput) :
  ComputableAnalysis.Integral.HasIntegral (ComputableAnalysis.ExponentialComputations.segmentIntegrand x)
    (ComputableAnalysis.ExponentialComputations.integralLog x).val
ComputableAnalysis.ExponentialComputations.integralLog_equiv_log
  (x : ComputableAnalysis.ExponentialComputations.PositiveInput) :
  (ComputableAnalysis.ExponentialComputations.integralLog x).val.Equiv
    (ComputableAnalysis.ExponentialComputations.log x).val
ComputableAnalysis.ExponentialComputations.integralLog_congr
  (x y : ComputableAnalysis.ExponentialComputations.PositiveInput) (h : x.val.val.Equiv y.val.val) :
  (ComputableAnalysis.ExponentialComputations.integralLog x).val.Equiv
    (ComputableAnalysis.ExponentialComputations.integralLog y).val
ComputableAnalysis.ExponentialComputations.integralLog_exp (x : ComputableAnalysis.ExponentialComputations.RealInput) :
  (ComputableAnalysis.ExponentialComputations.integralLog
          ⟨ComputableAnalysis.ExponentialComputations.exp x, ⋯⟩).val.Equiv
    x.val
ComputableAnalysis.ExponentialComputations.exp_integralLog
  (x : ComputableAnalysis.ExponentialComputations.PositiveInput) :
  (ComputableAnalysis.ExponentialComputations.exp (ComputableAnalysis.ExponentialComputations.integralLog x)).val.Equiv
    x.val.val
ComputableAnalysis.ExponentialComputations.exp_unique_of_integralLog
  (x : ComputableAnalysis.ExponentialComputations.RealInput)
  (y : ComputableAnalysis.ExponentialComputations.PositiveInput)
  (h : (ComputableAnalysis.ExponentialComputations.integralLog y).val.Equiv x.val) :
  y.val.val.Equiv (ComputableAnalysis.ExponentialComputations.exp x).val
ComputableAnalysis.ExponentialComputations.Implementation.equivalent
  (f g : ComputableAnalysis.ExponentialComputations.Implementation) (z : ComputableAnalysis.RiemannHilbert.Scalar) :
  (f.eval z).val.Equiv (g.eval z).val
ComputableAnalysis.ExponentialComputations.Implementation.congr
  (f : ComputableAnalysis.ExponentialComputations.Implementation) (z w : ComputableAnalysis.RiemannHilbert.Scalar)
  (h : z.val.Equiv w.val) : (f.eval z).val.Equiv (f.eval w).val
ComputableAnalysis.ExponentialComputations.Implementation.realEval_agrees
  (f : ComputableAnalysis.ExponentialComputations.Implementation)
  (x : ComputableAnalysis.ExponentialComputations.RealInput) :
  (f.realEval x).val.Equiv (ComputableAnalysis.ExponentialComputations.exp x).val
ComputableAnalysis.ExponentialComputations.linearODE : ComputableAnalysis.ExponentialComputations.Implementation
ComputableAnalysis.ExponentialComputations.LogImplementation.equivalent
  (f g : ComputableAnalysis.ExponentialComputations.LogImplementation)
  (x : ComputableAnalysis.ExponentialComputations.PositiveInput) : (f.eval x).val.Equiv (g.eval x).val
ComputableAnalysis.ExponentialComputations.LogImplementation.congr
  (f : ComputableAnalysis.ExponentialComputations.LogImplementation)
  (x y : ComputableAnalysis.ExponentialComputations.PositiveInput) (h : x.val.val.Equiv y.val.val) :
  (f.eval x).val.Equiv (f.eval y).val
ComputableAnalysis.ExponentialComputations.LogImplementation.exp_eval
  (f : ComputableAnalysis.ExponentialComputations.LogImplementation)
  (x : ComputableAnalysis.ExponentialComputations.PositiveInput) :
  (ComputableAnalysis.ExponentialComputations.exp (f.eval x)).val.Equiv x.val.val
ComputableAnalysis.ExponentialComputations.real_computation_agrees_of_integral_inverse
  (f : ComputableAnalysis.ExponentialComputations.RealInput → ComputableAnalysis.ExponentialComputations.PositiveInput)
  (hinverse :
    ∀ (x : ComputableAnalysis.ExponentialComputations.RealInput),
      (ComputableAnalysis.ExponentialComputations.integralLog (f x)).val.Equiv x.val)
  (x : ComputableAnalysis.ExponentialComputations.RealInput) :
  (f x).val.val.Equiv (ComputableAnalysis.ExponentialComputations.exp x).val
ComputableAnalysis.ExponentialComputations.exp_one_equiv_ePowerSeries :
  (ComputableAnalysis.ExponentialComputations.exp ComputableAnalysis.ExponentialComputations.oneInput.val).val.Equiv
    ComputableAnalysis.ePowerSeries
ComputableAnalysis.ExponentialComputations.exp_one_equiv_eCompoundInterest :
  (ComputableAnalysis.ExponentialComputations.exp ComputableAnalysis.ExponentialComputations.oneInput.val).val.Equiv
    ComputableAnalysis.eCompoundInterest
ComputableAnalysis.ExponentialComputations.Complex.exp :
  ComputableAnalysis.RiemannHilbert.Scalar → ComputableAnalysis.RiemannHilbert.Scalar
ComputableAnalysis.ExponentialComputations.Complex.expHolomorphic :
  ComputableAnalysis.RiemannHilbert.DomainFunctions.Holomorphic
    ComputableAnalysis.ExponentialComputations.Complex.expFunction
ComputableAnalysis.ExponentialComputations.Complex.exp_derivative (z : ComputableAnalysis.RiemannHilbert.Scalar) :
  (ComputableAnalysis.ExponentialComputations.Complex.expHolomorphic.derivative z trivial).val.Equiv
    (ComputableAnalysis.ExponentialComputations.Complex.exp z).val
ComputableAnalysis.ExponentialComputations.Complex.exp_add (z w : ComputableAnalysis.RiemannHilbert.Scalar) :
  ((ComputableAnalysis.ExponentialComputations.Complex.exp z).val.mul
        (ComputableAnalysis.ExponentialComputations.Complex.exp w).val).Equiv
    (ComputableAnalysis.ExponentialComputations.Complex.exp
        (ComputableAnalysis.RiemannHilbert.DomainFunctions.scalarSum z w)).val
ComputableAnalysis.ExponentialComputations.Complex.exp_nonzero (z : ComputableAnalysis.RiemannHilbert.Scalar) :
  ComputableAnalysis.RiemannHilbert.NonzeroBoxSearch.Nonzero (ComputableAnalysis.ExponentialComputations.Complex.exp z)
ComputableAnalysis.ExponentialComputations.Complex.exp_real (x : ComputableAnalysis.ExponentialComputations.RealInput) :
  (ComputableAnalysis.ExponentialComputations.Complex.exp
          (ComputableAnalysis.ExponentialComputations.realAxis x)).val.Equiv
    (ComputableAnalysis.ExponentialComputations.realAxis (ComputableAnalysis.ExponentialComputations.exp x)).val
ComputableAnalysis.ExponentialComputations.Complex.LogSeed : Type
ComputableAnalysis.ExponentialComputations.Complex.LogSeed.function
  (s : ComputableAnalysis.ExponentialComputations.Complex.LogSeed) :
  ComputableAnalysis.RiemannHilbert.DomainFunctions.Map
ComputableAnalysis.ExponentialComputations.Complex.LogSeed.holomorphic
  (s : ComputableAnalysis.ExponentialComputations.Complex.LogSeed) :
  ComputableAnalysis.RiemannHilbert.DomainFunctions.Holomorphic s.function
ComputableAnalysis.ExponentialComputations.Complex.LogSeed.initial
  (s : ComputableAnalysis.ExponentialComputations.Complex.LogSeed) : (s.function.eval s.center ⋯).val.Equiv s.value.val
ComputableAnalysis.ExponentialComputations.Complex.LogSeed.derivative
  (s : ComputableAnalysis.ExponentialComputations.Complex.LogSeed) (z : ComputableAnalysis.RiemannHilbert.Scalar)
  (hz : s.function.domain z) :
  (s.holomorphic.derivative z hz).val.Equiv (ComputableAnalysis.RiemannHilbert.RepresentedReciprocal.inverse z ⋯).val
ComputableAnalysis.ExponentialComputations.Complex.LogSeed.exponential_eval
  (s : ComputableAnalysis.ExponentialComputations.Complex.LogSeed) (z : ComputableAnalysis.RiemannHilbert.Scalar)
  (hz : s.function.domain z) :
  (ComputableAnalysis.ExponentialComputations.Complex.exp (s.function.eval z hz)).val.Equiv z.val
ComputableAnalysis.ExponentialComputations.Complex.LogSeed.congr
  (s t : ComputableAnalysis.ExponentialComputations.Complex.LogSeed) (hc : s.center.val.Equiv t.center.val)
  (ha : s.value.val.Equiv t.value.val) (z w : ComputableAnalysis.RiemannHilbert.Scalar) (hz : s.function.domain z)
  (hw : t.function.domain w) (h : z.val.Equiv w.val) : (s.function.eval z hz).val.Equiv (t.function.eval w hw).val
ComputableAnalysis.ExponentialComputations.Complex.LogSeed.log_exp
  (s : ComputableAnalysis.ExponentialComputations.Complex.LogSeed) (w : ComputableAnalysis.RiemannHilbert.Scalar)
  (hw : s.function.domain (ComputableAnalysis.ExponentialComputations.Complex.exp w))
  (hnear : ComputableAnalysis.FunctionTheory.Small (w.val.sub s.value.val) 1) :
  (s.function.eval (ComputableAnalysis.ExponentialComputations.Complex.exp w) hw).val.Equiv w.val
ComputableAnalysis.ExponentialComputations.Complex.LogSeed.recenter
  (s : ComputableAnalysis.ExponentialComputations.Complex.LogSeed) (d : ComputableAnalysis.RiemannHilbert.Scalar)
  (hd : ComputableAnalysis.RiemannHilbert.NonzeroBoxSearch.Nonzero d) (h : s.function.domain d) :
  ComputableAnalysis.ExponentialComputations.Complex.LogSeed
ComputableAnalysis.ExponentialComputations.Complex.LogSeed.recenter_agrees
  (s : ComputableAnalysis.ExponentialComputations.Complex.LogSeed) (d : ComputableAnalysis.RiemannHilbert.Scalar)
  (hd : ComputableAnalysis.RiemannHilbert.NonzeroBoxSearch.Nonzero d) (h : s.function.domain d)
  (z : ComputableAnalysis.RiemannHilbert.Scalar)
  (hz : ComputableAnalysis.RiemannHilbert.RelativeLogarithm.commonDomain s.center d ⋯ hd z) :
  (s.function.eval z ⋯).val.Equiv ((s.recenter d hd h).function.eval z ⋯).val
ComputableAnalysis.ExponentialComputations.Complex.LogSeed.continueAlong
  (s : ComputableAnalysis.ExponentialComputations.Complex.LogSeed) {d : ComputableAnalysis.RiemannHilbert.Scalar}
  {hd : ComputableAnalysis.RiemannHilbert.NonzeroBoxSearch.Nonzero d}
  (p : ComputableAnalysis.RiemannHilbert.LogarithmContinuation.Chain s.center ⋯ d hd) :
  ComputableAnalysis.ExponentialComputations.Complex.LogSeed
ComputableAnalysis.RiemannHilbert.LogarithmContinuation.edge_segment (c d : ComputableAnalysis.RiemannHilbert.Scalar)
  (hc : ComputableAnalysis.RiemannHilbert.NonzeroBoxSearch.Nonzero c)
  (hcd : ComputableAnalysis.RiemannHilbert.RelativeLogarithm.domain c hc d) (t : Rat)
  (ht : ComputableAnalysis.RiemannHilbert.UniformPath.unitInterval t) :
  ComputableAnalysis.RiemannHilbert.RelativeLogarithm.domain c hc
    (ComputableAnalysis.RiemannHilbert.AffineSegment.point c d t)
ComputableAnalysis.RiemannHilbert.LogarithmContinuation.edge_germ (c d : ComputableAnalysis.RiemannHilbert.Scalar)
  (hc : ComputableAnalysis.RiemannHilbert.NonzeroBoxSearch.Nonzero c)
  (hd : ComputableAnalysis.RiemannHilbert.NonzeroBoxSearch.Nonzero d)
  (hcd : ComputableAnalysis.RiemannHilbert.RelativeLogarithm.domain c hc d)
  (a z : ComputableAnalysis.RiemannHilbert.Scalar)
  (hz :
    ComputableAnalysis.FunctionTheory.Small (z.val.sub d.val)
      (ComputableAnalysis.RiemannHilbert.LogarithmBranchCharts.overlapRadius c d hc hd hcd).val) :
  ((ComputableAnalysis.RiemannHilbert.LogarithmBranchCharts.function c hc a).eval z ⋯).val.Equiv
    ((ComputableAnalysis.RiemannHilbert.LogarithmBranchCharts.function d hd
            ((ComputableAnalysis.RiemannHilbert.LogarithmBranchCharts.function c hc a).eval d hcd)).eval
        z ⋯).val
ComputableAnalysis.RiemannHilbert.LogarithmContinuation.subdivision {c d e f : ComputableAnalysis.RiemannHilbert.Scalar}
  {hc : ComputableAnalysis.RiemannHilbert.NonzeroBoxSearch.Nonzero c}
  {hd : ComputableAnalysis.RiemannHilbert.NonzeroBoxSearch.Nonzero d}
  {he : ComputableAnalysis.RiemannHilbert.NonzeroBoxSearch.Nonzero e}
  {hf : ComputableAnalysis.RiemannHilbert.NonzeroBoxSearch.Nonzero f}
  (hce : ComputableAnalysis.RiemannHilbert.RelativeLogarithm.domain c hc e)
  (hcd : ComputableAnalysis.RiemannHilbert.RelativeLogarithm.domain c hc d)
  (hde : ComputableAnalysis.RiemannHilbert.RelativeLogarithm.domain d hd e)
  (tail : ComputableAnalysis.RiemannHilbert.LogarithmContinuation.Chain e he f hf)
  (a : ComputableAnalysis.RiemannHilbert.Scalar) :
  (ComputableAnalysis.RiemannHilbert.LogarithmContinuation.value
          (ComputableAnalysis.RiemannHilbert.LogarithmContinuation.Chain.step hce tail) a).val.Equiv
    (ComputableAnalysis.RiemannHilbert.LogarithmContinuation.value
        (ComputableAnalysis.RiemannHilbert.LogarithmContinuation.Chain.step hcd
          (ComputableAnalysis.RiemannHilbert.LogarithmContinuation.Chain.step hde tail))
        a).val
ComputableAnalysis.ExponentialComputations.Complex.realLogarithmAt
  (x : ComputableAnalysis.ExponentialComputations.PositiveInput) :
  ComputableAnalysis.ExponentialComputations.Complex.LogSeed
ComputableAnalysis.ExponentialComputations.Complex.realLogarithmAt_initial
  (x : ComputableAnalysis.ExponentialComputations.PositiveInput) :
  ((ComputableAnalysis.ExponentialComputations.Complex.realLogarithmAt x).function.eval
          (ComputableAnalysis.ExponentialComputations.realAxis x.val) ⋯).val.Equiv
    (ComputableAnalysis.ExponentialComputations.realAxis (ComputableAnalysis.ExponentialComputations.log x)).val
ComputableAnalysis.ExponentialComputations.Complex.realLogarithmAt_agrees
  (x y : ComputableAnalysis.ExponentialComputations.PositiveInput)
  (hy :
    (ComputableAnalysis.ExponentialComputations.Complex.realLogarithmAt x).function.domain
      (ComputableAnalysis.ExponentialComputations.realAxis y.val)) :
  ((ComputableAnalysis.ExponentialComputations.Complex.realLogarithmAt x).function.eval
          (ComputableAnalysis.ExponentialComputations.realAxis y.val) hy).val.Equiv
    (ComputableAnalysis.ExponentialComputations.realAxis (ComputableAnalysis.ExponentialComputations.log y)).val
ComputableAnalysis.ExponentialComputations.Complex.logarithmAt (z : ComputableAnalysis.RiemannHilbert.Scalar)
  (hz : ComputableAnalysis.RiemannHilbert.NonzeroBoxSearch.Nonzero z) :
  ComputableAnalysis.ExponentialComputations.Complex.LogSeed
ComputableAnalysis.ExponentialComputations.Complex.LogSeed.overlap_difference
  (s t : ComputableAnalysis.ExponentialComputations.Complex.LogSeed) (p z : ComputableAnalysis.RiemannHilbert.Scalar)
  (hp : s.function.domain p ∧ t.function.domain p) (hz : s.function.domain z ∧ t.function.domain z) :
  ((s.function.eval z ⋯).val.sub (t.function.eval z ⋯).val).Equiv
    ((s.function.eval p ⋯).val.sub (t.function.eval p ⋯).val)
ComputableAnalysis.ExponentialComputations.Complex.LogSeed.overlap_agrees
  (s t : ComputableAnalysis.ExponentialComputations.Complex.LogSeed) (p z : ComputableAnalysis.RiemannHilbert.Scalar)
  (hp : s.function.domain p ∧ t.function.domain p) (hz : s.function.domain z ∧ t.function.domain z)
  (h : (s.function.eval p ⋯).val.Equiv (t.function.eval p ⋯).val) :
  (s.function.eval z ⋯).val.Equiv (t.function.eval z ⋯).val
ComputableAnalysis.ExponentialComputations.Complex.period (k : Int) : ComputableAnalysis.RiemannHilbert.Scalar
ComputableAnalysis.ExponentialComputations.Complex.exp_period (k : Int) :
  (ComputableAnalysis.ExponentialComputations.Complex.exp
          (ComputableAnalysis.ExponentialComputations.Complex.period k)).val.Equiv
    ComputableAnalysis.ComplexRaw.one
ComputableAnalysis.ExponentialComputations.Complex.exp_translate_period (z : ComputableAnalysis.RiemannHilbert.Scalar)
  (k : Int) :
  (ComputableAnalysis.ExponentialComputations.Complex.exp
          (ComputableAnalysis.RiemannHilbert.DomainFunctions.scalarSum z
            (ComputableAnalysis.ExponentialComputations.Complex.period k))).val.Equiv
    (ComputableAnalysis.ExponentialComputations.Complex.exp z).val
ComputableAnalysis.ExponentialComputations.Complex.exp_kernel (z : ComputableAnalysis.RiemannHilbert.Scalar)
  (he : (ComputableAnalysis.ExponentialComputations.Complex.exp z).val.Equiv ComputableAnalysis.ComplexRaw.one) :
  ∃ k, z.val.Equiv (ComputableAnalysis.ExponentialComputations.Complex.period k).val
ComputableAnalysis.ExponentialComputations.Complex.exp_fiber (z w : ComputableAnalysis.RiemannHilbert.Scalar)
  (h :
    (ComputableAnalysis.ExponentialComputations.Complex.exp z).val.Equiv
      (ComputableAnalysis.ExponentialComputations.Complex.exp w).val) :
  ∃ k, (z.val.sub w.val).Equiv (ComputableAnalysis.ExponentialComputations.Complex.period k).val
ComputableAnalysis.ExponentialComputations.Complex.LogSeed.overlap_period
  (s t : ComputableAnalysis.ExponentialComputations.Complex.LogSeed) (p : ComputableAnalysis.RiemannHilbert.Scalar)
  (hp : s.function.domain p ∧ t.function.domain p) :
  ∃ k,
    ∀ (z : ComputableAnalysis.RiemannHilbert.Scalar) (hz : s.function.domain z ∧ t.function.domain z),
      ((s.function.eval z ⋯).val.sub (t.function.eval z ⋯).val).Equiv
        (ComputableAnalysis.ExponentialComputations.Complex.period k).val
