'ComputableAnalysis.ExponentialComputations.exp_one_equiv_ePowerSeries' depends on axioms: [propext,
 Classical.choice,
 Quot.sound,
 ComputableAnalysis.ComplexExponentialApproximation.exponentialRawAt_equiv_ofRealRaw_expPowerSeries._native.native_decide.ax_1_1,
 ComputableAnalysis.ComplexExponentialApproximation.exponentialRawAt_realPart_equiv_expPowerSeries._native.native_decide.ax_1_1,
 ComputableAnalysis.ExpProofs.ePowerSeries_widths_shrink._native.native_decide.ax_1_5,
 ComputableAnalysis.ExpProofs.expPowerSeries_compute_width_le_geometric._native.native_decide.ax_1_3,
 ComputableAnalysis.ExpProofs.expPowerSeries_widths_shrink._native.native_decide.ax_1_1,
 ComputableAnalysis.ExpProofs.powerSeriesCenterAtTerms_eq_expTaylorPrefix._native.native_decide.ax_1_6,
 ComputableAnalysis.ExpProofs.powerSeriesTermAtTerms_eq_expCoeff_monomial._native.native_decide.ax_1_6,
 ComputableAnalysis.ExpProofs.ePowerSeries_tailRadiusAtTerms_le_two_div._native.native_decide.ax_1_1✝,
 ComputableAnalysis.ExpProofs.ePowerSeries_tailRadius_stage_eq._native.native_decide.ax_1_2✝,
 ComputableAnalysis.ExpProofs.ePowerSeries_term_le_one_div._native.native_decide.ax_1_2✝,
 ComputableAnalysis.ExpProofs.ePowerSeries_term_le_one_div._native.native_decide.ax_1_5✝,
 ComputableAnalysis.ExpProofs.ePowerSeries_term_nonneg._native.native_decide.ax_1_1✝,
 ComputableAnalysis.ExpProofs.expPowerSeriesTermRatio_le_half_at_terms._native.native_decide.ax_1_2✝,
 ComputableAnalysis.ExpProofs.four_div_four_mul_succ._native.native_decide.ax_1_1✝,
 ComputableAnalysis.ExpProofs.half_pow_antitone_at_or_after._native.native_decide.ax_1_1✝,
 ComputableAnalysis.ExpProofs.half_pow_antitone_at_or_after._native.native_decide.ax_1_2✝,
 ComputableAnalysis.ExpProofs.powerSeriesTailRadiusAtTerms_le_two_mul_absTerm._native.native_decide.ax_1_1✝,
 ComputableAnalysis.ExpProofs.powerSeriesTailRadiusAtTerms_le_two_mul_absTerm._native.native_decide.ax_1_4✝,
 ComputableAnalysis.ExpProofs.powerSeriesTailRadiusAtTerms_le_two_mul_absTerm._native.native_decide.ax_1_5✝,
 ComputableAnalysis.ExpProofs.powerSeries_absTerm_stage_le_geometric._native.native_decide.ax_1_3✝,
 ComputableAnalysis.ExpProofs.tail_radius_absorbs_next_term._native.native_decide.ax_1_3✝]
'ComputableAnalysis.ExponentialComputations.exp_one_equiv_eCompoundInterest' depends on axioms: [propext,
 Classical.choice,
 Quot.sound,
 ComputableAnalysis.ComplexExponentialApproximation.exponentialRawAt_equiv_ofRealRaw_expPowerSeries._native.native_decide.ax_1_1,
 ComputableAnalysis.ComplexExponentialApproximation.exponentialRawAt_realPart_equiv_expPowerSeries._native.native_decide.ax_1_1,
 ComputableAnalysis.ExpProofs.eCompoundInterestStage_hi_le_four._native.native_decide.ax_1_1,
 ComputableAnalysis.ExpProofs.eEulerNestedRadius_antitone._native.native_decide.ax_1_1,
 ComputableAnalysis.ExpProofs.eEulerNestedRadius_nonneg._native.native_decide.ax_1_1,
 ComputableAnalysis.ExpProofs.eEulerNested_widths_shrink._native.native_decide.ax_1_1,
 ComputableAnalysis.ExpProofs.ePowerSeries_widths_shrink._native.native_decide.ax_1_5,
 ComputableAnalysis.ExpProofs.expPowerSeries_compute_width_le_geometric._native.native_decide.ax_1_3,
 ComputableAnalysis.ExpProofs.expPowerSeries_widths_shrink._native.native_decide.ax_1_1,
 ComputableAnalysis.ExpProofs.powerSeriesCenterAtTerms_eq_expTaylorPrefix._native.native_decide.ax_1_6,
 ComputableAnalysis.ExpProofs.powerSeriesTermAtTerms_eq_expCoeff_monomial._native.native_decide.ax_1_6,
 ComputableAnalysis.ExpProofs.eEulerNested_lower_le_ePowerSeries_upper._native.native_decide.ax_1_4✝,
 ComputableAnalysis.ExpProofs.eEulerNested_lower_le_ePowerSeries_upper._native.native_decide.ax_1_5✝,
 ComputableAnalysis.ExpProofs.eEulerNested_lower_le_ePowerSeries_upper._native.native_decide.ax_1_6✝,
 ComputableAnalysis.ExpProofs.eEulerSquareStageWidth_le_eEulerNestedRadius_drop._native.native_decide.ax_1_6✝,
 ComputableAnalysis.ExpProofs.ePowerSeriesCenter_sub_eulerBinomialPrefix_le_three_div._native.native_decide.ax_1_3✝,
 ComputableAnalysis.ExpProofs.ePowerSeries_centerAtTerms_le_three._native.native_decide.ax_1_3✝,
 ComputableAnalysis.ExpProofs.ePowerSeries_lower_le_eEulerNested_upper._native.native_decide.ax_1_5✝,
 ComputableAnalysis.ExpProofs.ePowerSeries_lower_le_eEulerNested_upper._native.native_decide.ax_1_6✝,
 ComputableAnalysis.ExpProofs.ePowerSeries_lower_le_eEulerNested_upper._native.native_decide.ax_1_7✝,
 ComputableAnalysis.ExpProofs.ePowerSeries_tailRadiusAtTerms_le_two_div._native.native_decide.ax_1_1✝,
 ComputableAnalysis.ExpProofs.ePowerSeries_tailRadius_stage_eq._native.native_decide.ax_1_2✝,
 ComputableAnalysis.ExpProofs.ePowerSeries_term_le_one_div._native.native_decide.ax_1_2✝,
 ComputableAnalysis.ExpProofs.ePowerSeries_term_le_one_div._native.native_decide.ax_1_5✝,
 ComputableAnalysis.ExpProofs.ePowerSeries_term_nonneg._native.native_decide.ax_1_1✝,
 ComputableAnalysis.ExpProofs.eulerBinomialPrefix_one_div_le_seriesCenter._native.native_decide.ax_1_2✝,
 ComputableAnalysis.ExpProofs.eulerBinomialTerm_deficit_le_shiftedSeriesTerm._native.native_decide.ax_1_10✝,
 ComputableAnalysis.ExpProofs.eulerBinomialTerm_deficit_le_shiftedSeriesTerm._native.native_decide.ax_1_12✝,
 ComputableAnalysis.ExpProofs.eulerBinomialTerm_deficit_le_shiftedSeriesTerm._native.native_decide.ax_1_8✝,
 ComputableAnalysis.ExpProofs.eulerBinomialTerm_deficit_nonneg_le_quadratic._native.native_decide.ax_1_9✝,
 ComputableAnalysis.ExpProofs.eulerBinomialTerm_one_div_nonneg_le_seriesTerm._native.native_decide.ax_1_1✝,
 ComputableAnalysis.ExpProofs.eulerBinomialTerm_one_div_nonneg_le_seriesTerm._native.native_decide.ax_1_2✝,
 ComputableAnalysis.ExpProofs.expPowerSeriesTermRatio_le_half_at_terms._native.native_decide.ax_1_2✝,
 ComputableAnalysis.ExpProofs.four_div_four_mul_succ._native.native_decide.ax_1_1✝,
 ComputableAnalysis.ExpProofs.half_pow_antitone_at_or_after._native.native_decide.ax_1_1✝,
 ComputableAnalysis.ExpProofs.half_pow_antitone_at_or_after._native.native_decide.ax_1_2✝,
 ComputableAnalysis.ExpProofs.one_add_nat_mul_le_pow_one_add._native.native_decide.ax_1_1✝,
 ComputableAnalysis.ExpProofs.pow_mul_one_sub_nat_mul_le_one._native.native_decide.ax_1_1✝,
 ComputableAnalysis.ExpProofs.powerSeriesTailRadiusAtTerms_le_two_mul_absTerm._native.native_decide.ax_1_1✝,
 ComputableAnalysis.ExpProofs.powerSeriesTailRadiusAtTerms_le_two_mul_absTerm._native.native_decide.ax_1_4✝,
 ComputableAnalysis.ExpProofs.powerSeriesTailRadiusAtTerms_le_two_mul_absTerm._native.native_decide.ax_1_5✝,
 ComputableAnalysis.ExpProofs.powerSeries_absTerm_stage_le_geometric._native.native_decide.ax_1_3✝,
 ComputableAnalysis.ExpProofs.tail_radius_absorbs_next_term._native.native_decide.ax_1_3✝]
